../ExtLib/CAN_SPI.c:18:6:CANSPI_Sleep	8	static
../ExtLib/CAN_SPI.c:30:5:CANSPI_Initialize	40	static
../ExtLib/CAN_SPI.c:126:9:CANSPI_Transmit	24	static
../ExtLib/CAN_SPI.c:174:9:CANSPI_Receive	40	static
../ExtLib/CAN_SPI.c:222:9:CANSPI_messagesInBuffer	16	static
../ExtLib/CAN_SPI.c:241:9:CANSPI_isBussOff	16	static
../ExtLib/CAN_SPI.c:256:9:CANSPI_isRxErrorPassive	16	static
../ExtLib/CAN_SPI.c:271:9:CANSPI_isTxErrorPassive	16	static
../ExtLib/CAN_SPI.c:286:17:convertReg2ExtendedCANid	32	static
../ExtLib/CAN_SPI.c:308:17:convertReg2StandardCANid	24	static
../ExtLib/CAN_SPI.c:321:13:convertCANid2Reg	32	static
